// Jest Snapshot v1, https://goo.gl/fbAQLP

exports[`Pruebas en <TodoAdd/> debe mostrarse correctamente 1`] = `
<Fragment>
  <h4>
    Agregar TODO
  </h4>
  <hr />
  <form>
    <input
      autoComplete="off"
      className="form-control"
      name="description"
      onChange={[Function]}
      placeholder="Aprender ..."
      type="text"
      value=""
    />
    <button
      className="btn btn-outline-primary mt-2 btn-block"
      onClick={[Function]}
      type="submit"
    >
      Agregar
    </button>
  </form>
</Fragment>
`;
