// Jest Snapshot v1, https://goo.gl/fbAQLP

exports[`Pruebas en el <TodoListItem/> debe de mostrarse correctamente  1`] = `
<li
  className="list-group-item"
  key="1"
>
  <p
    className="false"
    onClick={[Function]}
  >
    1
    . 
    Aprender React
  </p>
  <button
    className="btn btn-danger ml-5"
    onClick={[Function]}
  >
    Borrar
  </button>
</li>
`;
