// Jest Snapshot v1, https://goo.gl/fbAQLP

exports[`pruebas en <MultipleCustomHooks/> debe mostrarse correctamente 1`] = `
<div>
  <h1>
    BreakingBad Quotes
  </h1>
  <br />
  <div
    className="alert alert-info text-center"
  >
    Loading...
  </div>
</div>
`;
